// Jest Snapshot v1, https://goo.gl/fbAQLP

exports[`<Button /> should render the medium size by defualt 1`] = `
.c0 {
  background: linear-gradient(180deg, #ff5f5f 0%, #f062c0 50%);
  color: #FAFAFA;
  border: none;
  cursor: pointer;
  border-radius: 0.4rem;
  padding: 0.8rem;
  height: 4rem;
  font-size: 1.6rem;
  padding: 0.8rem 3.2rem;
}

<button
  class="c0"
>
  <span
    data-testid="icon"
  >
    Buy now
  </span>
</button>
`;
